[OK] 安全校验模型加载成功，设备: cuda
INFO:     127.0.0.1:60437 - "GET /api/health HTTP/1.1" 200 OK
INFO:     127.0.0.1:60437 - "POST /api/interrupt HTTP/1.1" 200 OK
INFO:     127.0.0.1:60703 - "GET /api/run?query=%E4%BB%8B%E7%BB%8D%E4%B8%80%E4%B8%8B%E9%87%8F%E5%AD%90%E8%AE%A1%E7%AE%97%E7%9A%84%E5%9F%BA%E6%9C%AC%E5%8E%9F%E7%90%86 HTTP/1.1" 200 OK
INFO:     127.0.0.1:60774 - "GET /api/graph HTTP/1.1" 200 OK
INFO:     127.0.0.1:60781 - "POST /api/interrupt HTTP/1.1" 200 OK
INFO:     127.0.0.1:60799 - "GET /api/graph HTTP/1.1" 200 OK
INFO:     127.0.0.1:61631 - "GET /api/run?query=%E8%85%BE%E8%AE%AF%E5%AD%90%E5%85%AC%E5%8F%B8TEG%E6%96%B9%E5%90%91%E7%9A%84%E5%85%A8%E6%A0%88%E5%B7%A5%E7%A8%8B%E5%B8%88%E6%80%8E%E4%B9%88%E6%A0%B7 HTTP/1.1" 200 OK
INFO:     127.0.0.1:61789 - "POST /api/interrupt HTTP/1.1" 200 OK
INFO:     127.0.0.1:61836 - "POST /api/retry HTTP/1.1" 200 OK

============================================================
[Run Complete] graph_summary: {
  "nodes": [
    {
      "id": "plan_0_72060b",
      "type": "Plan",
      "step_index": 0,
      "label": "规划",
      "status": "done",
      "decision": "need_more"
    },
    {
      "id": "toolcall_1_62b6ac",
      "type": "ToolCall",
      "step_index": 1,
      "label": "工具（网络搜索）",
      "status": "branch",
      "decision": null
    },
    {
      "id": "observe_2_b55e30",
      "type": "Observe",
      "step_index": 2,
      "label": "评估（第1轮）（已打断）",
      "status": "branch",
      "decision": null
    },
    {
      "id": "plan_3_8fc50f",
      "type": "Plan",
      "step_index": 3,
      "label": "决策（已打断）",
      "status": "branch",
      "decision": null
    },
    {
      "id": "toolcall_1_f19107",
      "type": "ToolCall",
      "step_index": 1,
      "label": "工具（网络搜索）（重试）",
      "status": "done",
      "decision": null
    },
    {
      "id": "observe_2_a754c9",
      "type": "Observe",
      "step_index": 2,
      "label": "评估（第1轮）",
      "status": "done",
      "decision": null
    },
    {
      "id": "plan_3_464172",
      "type": "Plan",
      "step_index": 3,
      "label": "决策：强制终止",
      "status": "done",
      "decision": "terminate"
    },
    {
      "id": "answer_4_03412f",
      "type": "Answer",
      "step_index": 4,
      "label": "安全拦截",
      "status": "safety_interrupted",
      "decision": null
    }
  ],
  "edges": [
    {
      "from": "plan_0_72060b",
      "to": "toolcall_1_62b6ac",
      "type": "Branch"
    },
    {
      "from": "toolcall_1_62b6ac",
      "to": "observe_2_b55e30",
      "type": "Branch"
    },
    {
      "from": "observe_2_b55e30",
      "to": "plan_3_8fc50f",
      "type": "Branch"
    },
    {
      "from": "plan_0_72060b",
      "to": "toolcall_1_f19107",
      "type": "Normal"
    },
    {
      "from": "toolcall_1_f19107",
      "to": "observe_2_a754c9",
      "type": "Normal"
    },
    {
      "from": "observe_2_a754c9",
      "to": "plan_3_464172",
      "type": "Normal"
    },
    {
      "from": "plan_3_464172",
      "to": "answer_4_03412f",
      "type": "Normal"
    }
  ]
}
============================================================

INFO:     127.0.0.1:62369 - "GET /api/admin/overview HTTP/1.1" 200 OK
INFO:     127.0.0.1:62370 - "GET /api/admin/runs?limit=20&offset=0 HTTP/1.1" 200 OK
INFO:     127.0.0.1:62396 - "GET /api/admin/runs/run_20260806_231006 HTTP/1.1" 200 OK
INFO:     127.0.0.1:62423 - "GET /api/admin/runs/run_20260806_231006 HTTP/1.1" 200 OK
INFO:     127.0.0.1:62784 - "GET /api/admin/runs/run_20260806_231006 HTTP/1.1" 200 OK
INFO:     127.0.0.1:63402 - "GET /api/graph HTTP/1.1" 200 OK
  [OK] 安全校验模型加载成功，设备: cuda
[OK] 安全校验模型加载成功，设备: cuda
INFO:     127.0.0.1:64976 - "GET /api/health HTTP/1.1" 200 OK
INFO:     127.0.0.1:65244 - "GET /api/run?query=%E4%BB%8B%E7%BB%8D%E4%B8%80%E4%B8%8B%E9%87%8F%E5%AD%90%E8%AE%A1%E7%AE%97%E7%9A%84%E5%9F%BA%E6%9C%AC%E5%8E%9F%E7%90%86 HTTP/1.1" 200 OK
INFO:     127.0.0.1:65318 - "GET /api/graph HTTP/1.1" 200 OK
INFO:     127.0.0.1:65323 - "POST /api/interrupt HTTP/1.1" 200 OK
INFO:     127.0.0.1:65332 - "POST /api/retry HTTP/1.1" 200 OK

============================================================
[Run Complete] graph_summary: {
  "nodes": [
    {
      "id": "plan_0_2f9679",
      "type": "Plan",
      "step_index": 0,
      "label": "规划",
      "status": "done",
      "decision": "need_more"
    },
    {
      "id": "toolcall_1_a7b9f5",
      "type": "ToolCall",
      "step_index": 1,
      "label": "工具（RAG 检索）",
      "status": "branch",
      "decision": null
    },
    {
      "id": "observe_2_c5399c",
      "type": "Observe",
      "step_index": 2,
      "label": "评估（第1轮）（已打断）",
      "status": "branch",
      "decision": null
    },
    {
      "id": "toolcall_1_18295f",
      "type": "ToolCall",
      "step_index": 1,
      "label": "工具（RAG 检索）（重试）",
      "status": "done",
      "decision": null
    },
    {
      "id": "observe_2_590c5a",
      "type": "Observe",
      "step_index": 2,
      "label": "评估（第1轮）",
      "status": "done",
      "decision": null
    },
    {
      "id": "plan_3_e9e48c",
      "type": "Plan",
      "step_index": 3,
      "label": "决策：需要补搜",
      "status": "done",
      "decision": "need_more"
    },
    {
      "id": "toolcall_4_bfa8d3",
      "type": "ToolCall",
      "step_index": 4,
      "label": "工具（网络搜索）",
      "status": "done",
      "decision": null
    },
    {
      "id": "toolcall_4_9af36a",
      "type": "ToolCall",
      "step_index": 4,
      "label": "工具（网络搜索）",
      "status": "done",
      "decision": null
    },
    {
      "id": "observe_5_62f032",
      "type": "Observe",
      "step_index": 5,
      "label": "评估（第2轮）",
      "status": "done",
      "decision": null
    },
    {
      "id": "plan_6_a02cee",
      "type": "Plan",
      "step_index": 6,
      "label": "决策：信息充足",
      "status": "done",
      "decision": "sufficient"
    },
    {
      "id": "answer_7_c1cf18",
      "type": "Answer",
      "step_index": 7,
      "label": "最终回答",
      "status": "done",
      "decision": null
    }
  ],
  "edges": [
    {
      "from": "plan_0_2f9679",
      "to": "toolcall_1_a7b9f5",
      "type": "Branch"
    },
    {
      "from": "toolcall_1_a7b9f5",
      "to": "observe_2_c5399c",
      "type": "Branch"
    },
    {
      "from": "plan_0_2f9679",
      "to": "toolcall_1_18295f",
      "type": "Normal"
    },
    {
      "from": "toolcall_1_18295f",
      "to": "observe_2_590c5a",
      "type": "Normal"
    },
    {
      "from": "observe_2_590c5a",
      "to": "plan_3_e9e48c",
      "type": "Normal"
    },
    {
      "from": "plan_3_e9e48c",
      "to": "toolcall_4_bfa8d3",
      "type": "Parallel"
    },
    {
      "from": "plan_3_e9e48c",
      "to": "toolcall_4_9af36a",
      "type": "Parallel"
    },
    {
      "from": "toolcall_4_bfa8d3",
      "to": "observe_5_62f032",
      "type": "Normal"
    },
    {
      "from": "toolcall_4_9af36a",
      "to": "observe_5_62f032",
      "type": "Normal"
    },
    {
      "from": "observe_5_62f032",
      "to": "plan_6_a02cee",
      "type": "Normal"
    },
    {
      "from": "plan_6_a02cee",
      "to": "answer_7_c1cf18",
      "type": "Normal"
    }
  ]
}
============================================================

INFO:     127.0.0.1:49674 - "GET /api/admin/runs/run_20260806_234001 HTTP/1.1" 200 OK
INFO:     127.0.0.1:49863 - "GET /api/run?query=%E4%BB%8B%E7%BB%8D%E4%B8%80%E4%B8%8B%E9%87%8F%E5%AD%90%E8%AE%A1%E7%AE%97%E7%9A%84%E5%9F%BA%E6%9C%AC%E5%8E%9F%E7%90%86 HTTP/1.1" 200 OK
INFO:     127.0.0.1:49952 - "GET /api/graph HTTP/1.1" 200 OK
INFO:     127.0.0.1:49967 - "POST /api/interrupt HTTP/1.1" 200 OK
INFO:     127.0.0.1:49981 - "POST /api/retry HTTP/1.1" 200 OK

============================================================
[Run Complete] graph_summary: {
  "nodes": [
    {
      "id": "plan_0_22ec91",
      "type": "Plan",
      "step_index": 0,
      "label": "规划",
      "status": "done",
      "decision": "need_more"
    },
    {
      "id": "toolcall_1_5fca8c",
      "type": "ToolCall",
      "step_index": 1,
      "label": "工具（RAG 检索）",
      "status": "branch",
      "decision": null
    },
    {
      "id": "observe_2_054b60",
      "type": "Observe",
      "step_index": 2,
      "label": "评估（第1轮）（已打断）",
      "status": "branch",
      "decision": null
    },
    {
      "id": "toolcall_1_ca9760",
      "type": "ToolCall",
      "step_index": 1,
      "label": "工具（RAG 检索）（重试）",
      "status": "done",
      "decision": null
    },
    {
      "id": "observe_2_8c6746",
      "type": "Observe",
      "step_index": 2,
      "label": "评估（第1轮）",
      "status": "done",
      "decision": null
    },
    {
      "id": "plan_3_b3ab77",
      "type": "Plan",
      "step_index": 3,
      "label": "决策：强制终止",
      "status": "done",
      "decision": "terminate"
    },
    {
      "id": "answer_4_bf9ed0",
      "type": "Answer",
      "step_index": 4,
      "label": "最终回答（信息可能不完整）",
      "status": "done",
      "decision": null
    }
  ],
  "edges": [
    {
      "from": "plan_0_22ec91",
      "to": "toolcall_1_5fca8c",
      "type": "Branch"
    },
    {
      "from": "toolcall_1_5fca8c",
      "to": "observe_2_054b60",
      "type": "Branch"
    },
    {
      "from": "plan_0_22ec91",
      "to": "toolcall_1_ca9760",
      "type": "Normal"
    },
    {
      "from": "toolcall_1_ca9760",
      "to": "observe_2_8c6746",
      "type": "Normal"
    },
    {
      "from": "observe_2_8c6746",
      "to": "plan_3_b3ab77",
      "type": "Normal"
    },
    {
      "from": "plan_3_b3ab77",
      "to": "answer_4_bf9ed0",
      "type": "Normal"
    }
  ]
}
============================================================

INFO:     127.0.0.1:50380 - "GET /api/admin/runs/run_20260806_234417 HTTP/1.1" 200 OK
INFO:     127.0.0.1:50450 - "GET /api/run?query=%E8%85%BE%E8%AE%AF%E5%AD%90%E5%85%AC%E5%8F%B8TEG%E6%96%B9%E5%90%91%E7%9A%84%E5%85%A8%E6%A0%88%E5%B7%A5%E7%A8%8B%E5%B8%88%E6%80%8E%E4%B9%88%E6%A0%B7 HTTP/1.1" 200 OK

============================================================
[Run Complete] graph_summary: {
  "nodes": [
    {
      "id": "plan_0_a84d0a",
      "type": "Plan",
      "step_index": 0,
      "label": "规划",
      "status": "done",
      "decision": "need_more"
    },
    {
      "id": "toolcall_1_ac69c8",
      "type": "ToolCall",
      "step_index": 1,
      "label": "工具（网络搜索）",
      "status": "done",
      "decision": null
    },
    {
      "id": "observe_2_f3aaf2",
      "type": "Observe",
      "step_index": 2,
      "label": "评估（第1轮）",
      "status": "done",
      "decision": null
    },
    {
      "id": "plan_3_c19d32",
      "type": "Plan",
      "step_index": 3,
      "label": "决策：强制终止",
      "status": "done",
      "decision": "terminate"
    },
    {
      "id": "answer_4_b8be28",
      "type": "Answer",
      "step_index": 4,
      "label": "最终回答（信息可能不完整）",
      "status": "done",
      "decision": null
    }
  ],
  "edges": [
    {
      "from": "plan_0_a84d0a",
      "to": "toolcall_1_ac69c8",
      "type": "Normal"
    },
    {
      "from": "toolcall_1_ac69c8",
      "to": "observe_2_f3aaf2",
      "type": "Normal"
    },
    {
      "from": "observe_2_f3aaf2",
      "to": "plan_3_c19d32",
      "type": "Normal"
    },
    {
      "from": "plan_3_c19d32",
      "to": "answer_4_b8be28",
      "type": "Normal"
    }
  ]
}
============================================================

INFO:     127.0.0.1:51604 - "GET /api/run?query=%E8%85%BE%E8%AE%AF%E6%80%8E%E4%B9%88%E6%A0%B7 HTTP/1.1" 200 OK
INFO:     127.0.0.1:51677 - "GET /api/admin/overview HTTP/1.1" 200 OK
INFO:     127.0.0.1:51684 - "GET /api/admin/runs?limit=20&offset=0 HTTP/1.1" 200 OK
INFO:     127.0.0.1:51719 - "GET /api/admin/runs/run_20260806_234601 HTTP/1.1" 200 OK
INFO:     127.0.0.1:52044 - "POST /api/interrupt HTTP/1.1" 200 OK
INFO:     127.0.0.1:52093 - "POST /api/retry HTTP/1.1" 200 OK

============================================================
[Run Complete] graph_summary: {
  "nodes": [
    {
      "id": "plan_0_1e0670",
      "type": "Plan",
      "step_index": 0,
      "label": "规划",
      "status": "done",
      "decision": "need_more"
    },
    {
      "id": "toolcall_1_1026ee",
      "type": "ToolCall",
      "step_index": 1,
      "label": "工具（网络搜索）",
      "status": "branch",
      "decision": null
    },
    {
      "id": "observe_2_1217a5",
      "type": "Observe",
      "step_index": 2,
      "label": "评估（第1轮）（已打断）",
      "status": "branch",
      "decision": null
    },
    {
      "id": "plan_3_99a0df",
      "type": "Plan",
      "step_index": 3,
      "label": "决策：需要补搜（已打断）",
      "status": "branch",
      "decision": "need_more"
    },
    {
      "id": "toolcall_4_ab9b1e",
      "type": "ToolCall",
      "step_index": 4,
      "label": "工具（网络搜索）（已打断）",
      "status": "branch",
      "decision": null
    },
    {
      "id": "toolcall_4_a72292",
      "type": "ToolCall",
      "step_index": 4,
      "label": "工具（网络搜索）（已打断）",
      "status": "branch",
      "decision": null
    },
    {
      "id": "observe_5_9d2f70",
      "type": "Observe",
      "step_index": 5,
      "label": "评估（第2轮）（已打断）",
      "status": "branch",
      "decision": null
    },
    {
      "id": "toolcall_1_848e1e",
      "type": "ToolCall",
      "step_index": 1,
      "label": "工具（网络搜索）（重试）",
      "status": "done",
      "decision": null
    },
    {
      "id": "observe_2_d9a865",
      "type": "Observe",
      "step_index": 2,
      "label": "评估（第1轮）",
      "status": "done",
      "decision": null
    },
    {
      "id": "plan_3_5b39c5",
      "type": "Plan",
      "step_index": 3,
      "label": "决策：信息充足",
      "status": "done",
      "decision": "sufficient"
    },
    {
      "id": "answer_4_c383f1",
      "type": "Answer",
      "step_index": 4,
      "label": "最终回答",
      "status": "done",
      "decision": null
    }
  ],
  "edges": [
    {
      "from": "plan_0_1e0670",
      "to": "toolcall_1_1026ee",
      "type": "Branch"
    },
    {
      "from": "toolcall_1_1026ee",
      "to": "observe_2_1217a5",
      "type": "Branch"
    },
    {
      "from": "observe_2_1217a5",
      "to": "plan_3_99a0df",
      "type": "Branch"
    },
    {
      "from": "plan_3_99a0df",
      "to": "toolcall_4_ab9b1e",
      "type": "Branch"
    },
    {
      "from": "plan_3_99a0df",
      "to": "toolcall_4_a72292",
      "type": "Branch"
    },
    {
      "from": "toolcall_4_ab9b1e",
      "to": "observe_5_9d2f70",
      "type": "Branch"
    },
    {
      "from": "toolcall_4_a72292",
      "to": "observe_5_9d2f70",
      "type": "Branch"
    },
    {
      "from": "plan_0_1e0670",
      "to": "toolcall_1_848e1e",
      "type": "Normal"
    },
    {
      "from": "toolcall_1_848e1e",
      "to": "observe_2_d9a865",
      "type": "Normal"
    },
    {
      "from": "observe_2_d9a865",
      "to": "plan_3_5b39c5",
      "type": "Normal"
    },
    {
      "from": "plan_3_5b39c5",
      "to": "answer_4_c383f1",
      "type": "Normal"
    }
  ]
}
============================================================

INFO:     127.0.0.1:52472 - "GET /api/admin/overview HTTP/1.1" 200 OK
INFO:     127.0.0.1:52473 - "GET /api/admin/runs?limit=20&offset=0 HTTP/1.1" 200 OK
INFO:     127.0.0.1:52481 - "GET /api/admin/runs/run_20260806_235255 HTTP/1.1" 200 OK
INFO:     127.0.0.1:53260 - "GET /api/admin/runs/run_20260806_235255 HTTP/1.1" 200 OK
 INFO:     127.0.0.1:53682 - "GET /api/run?query=%E8%85%BE%E8%AE%AF%E5%AD%90%E5%85%AC%E5%8F%B8%E7%9A%84%E5%85%A8%E6%A0%88%E5%B7%A5%E7%A8%8B%E5%B8%88%E6%80%8E%E4%B9%88%E6%A0%B7 HTTP/1.1" 200 OK

============================================================
[Run Complete] graph_summary: {
  "nodes": [
    {
      "id": "plan_0_3bc4f3",
      "type": "Plan",
      "step_index": 0,
      "label": "规划",
      "status": "done",
      "decision": "need_more"
    },
    {
      "id": "toolcall_1_25d7c0",
      "type": "ToolCall",
      "step_index": 1,
      "label": "工具（网络搜索）",
      "status": "done",
      "decision": null
    },
    {
      "id": "observe_2_65fb9f",
      "type": "Observe",
      "step_index": 2,
      "label": "评估（第1轮）",
      "status": "done",
      "decision": null
    },
    {
      "id": "plan_3_ae8163",
      "type": "Plan",
      "step_index": 3,
      "label": "决策：强制终止",
      "status": "done",
      "decision": "terminate"
    },
    {
      "id": "answer_4_854db2",
      "type": "Answer",
      "step_index": 4,
      "label": "最终回答（信息可能不完整）",
      "status": "done",
      "decision": null
    }
  ],
  "edges": [
    {
      "from": "plan_0_3bc4f3",
      "to": "toolcall_1_25d7c0",
      "type": "Normal"
    },
    {
      "from": "toolcall_1_25d7c0",
      "to": "observe_2_65fb9f",
      "type": "Normal"
    },
    {
      "from": "observe_2_65fb9f",
      "to": "plan_3_ae8163",
      "type": "Normal"
    },
    {
      "from": "plan_3_ae8163",
      "to": "answer_4_854db2",
      "type": "Normal"
    }
  ]
}
============================================================

 [OK] 安全校验模型加载成功，设备: cuda
INFO:     127.0.0.1:54001 - "POST /api/interrupt HTTP/1.1" 200 OK
INFO:     127.0.0.1:54324 - "GET /api/admin/overview HTTP/1.1" 200 OK
INFO:     127.0.0.1:54326 - "GET /api/admin/runs?limit=20&offset=0 HTTP/1.1" 200 OK
INFO:     127.0.0.1:54337 - "GET /api/admin/runs/run_20260807_000608 HTTP/1.1" 200 OK
INFO:     127.0.0.1:54431 - "GET /api/admin/runs/run_20260807_000608 HTTP/1.1" 200 OK
 [OK] 安全校验模型加载成功，设备: cuda
INFO:     127.0.0.1:55126 - "GET /api/health HTTP/1.1" 200 OK
INFO:     127.0.0.1:55128 - "GET /api/run?query=%E8%AF%A6%E7%BB%86%E4%BB%8B%E7%BB%8D%E4%B8%80%E4%B8%8B%E6%B7%B1%E5%BA%A6%E5%AD%A6%E4%B9%A0%E4%B8%AD%20Transformer%20%E6%9E%B6%E6%9E%84%E7%9A%84%E6%B3%A8%E6%84%8F%E5%8A%9B%E6%9C%BA%E5%88%B6%EF%BC%8C%E5%8C%85%E6%8B%AC%E8%87%AA%E6%B3%A8%E6%84%8F%E5%8A%9B%E3%80%81%E5%A4%9A%E5%A4%B4%E6%B3%A8%E6%84%8F%E5%8A%9B%E3%80%81%E4%BD%8D%E7%BD%AE%E7%BC%96%E7%A0%81%E7%9A%84%E5%8E%9F%E7%90%86%EF%BC%8C%E4%BB%A5%E5%8F%8A%E5%AE%83%E4%BB%AC%E5%9C%A8%E7%8E%B0%E4%BB%A3%E5%A4%A7%E8%AF%AD%E8%A8%80%E6%A8%A1%E5%9E%8B%E4%B8%AD%E7%9A%84%E5%BA%94%E7%94%A8%E6%BC%94%E8%BF%9B%EF%BC%8C%E8%A6%81%E5%B0%BD%E9%87%8F%E8%AF%A6%E7%BB%86 HTTP/1.1" 200 OK

============================================================
[Run Complete] graph_summary: {
  "nodes": [
    {
      "id": "plan_0_528772",
      "type": "Plan",
      "step_index": 0,
      "label": "规划",
      "status": "done",
      "decision": "need_more"
    },
    {
      "id": "toolcall_1_ac2649",
      "type": "ToolCall",
      "step_index": 1,
      "label": "工具（网络搜索）",
      "status": "done",
      "decision": null
    },
    {
      "id": "observe_2_91766f",
      "type": "Observe",
      "step_index": 2,
      "label": "评估（第1轮）",
      "status": "done",
      "decision": null
    },
    {
      "id": "plan_3_bb88a9",
      "type": "Plan",
      "step_index": 3,
      "label": "决策：信息充足",
      "status": "done",
      "decision": "sufficient"
    },
    {
      "id": "answer_4_79d2d3",
      "type": "Answer",
      "step_index": 4,
      "label": "最终回答",
      "status": "done",
      "decision": null
    }
  ],
  "edges": [
    {
      "from": "plan_0_528772",
      "to": "toolcall_1_ac2649",
      "type": "Normal"
    },
    {
      "from": "toolcall_1_ac2649",
      "to": "observe_2_91766f",
      "type": "Normal"
    },
    {
      "from": "observe_2_91766f",
      "to": "plan_3_bb88a9",
      "type": "Normal"
    },
    {
      "from": "plan_3_bb88a9",
      "to": "answer_4_79d2d3",
      "type": "Normal"
    }
  ]
}
============================================================

INFO:     127.0.0.1:55539 - "GET /api/graph HTTP/1.1" 200 OK
INFO:     127.0.0.1:55660 - "GET /api/run?query=%E4%BB%8B%E7%BB%8D%E4%B8%80%E4%B8%8B%E9%87%8F%E5%AD%90%E8%AE%A1%E7%AE%97%E7%9A%84%E5%9F%BA%E6%9C%AC%E5%8E%9F%E7%90%86 HTTP/1.1" 200 OK
INFO:     127.0.0.1:55998 - "POST /api/interrupt HTTP/1.1" 200 OK
 INFO:     127.0.0.1:56698 - "GET /api/graph HTTP/1.1" 200 OK
 [OK] 安全校验模型加载成功，设备: cuda
 [OK] 安全校验模型加载成功，设备: cuda
 [OK] 安全校验模型加载成功，设备: cuda
[OK] 安全校验模型加载成功，设备: cuda
INFO:     127.0.0.1:57794 - "GET /api/health HTTP/1.1" 200 OK
INFO:     127.0.0.1:58102 - "GET /api/run?query=%E4%BB%8B%E7%BB%8D%E4%B8%80%E4%B8%8B%E9%87%8F%E5%AD%90%E8%AE%A1%E7%AE%97%E7%9A%84%E5%9F%BA%E6%9C%AC%E5%8E%9F%E7%90%86 HTTP/1.1" 200 OK
INFO:     127.0.0.1:60561 - "GET /health HTTP/1.1" 404 Not Found
INFO:     127.0.0.1:60566 - "GET /api/state HTTP/1.1" 404 Not Found
INFO:     127.0.0.1:60568 - "GET /api/admin/runs?limit=3 HTTP/1.1" 200 OK
INFO:     127.0.0.1:60638 - "GET /api/admin/runs/run_20260807_004425 HTTP/1.1" 200 OK
INFO:     127.0.0.1:60639 - "GET /api/admin/runs/run_20260807_004425 HTTP/1.1" 200 OK
INFO:     127.0.0.1:60758 - "GET /api/admin/runs/run_20260807_004425 HTTP/1.1" 200 OK
INFO:     127.0.0.1:61081 - "GET /api/graph HTTP/1.1" 200 OK
INFO:     127.0.0.1:61303 - "GET /api/admin/runs?limit=8 HTTP/1.1" 200 OK
INFO:     127.0.0.1:61305 - "GET /api/admin/runs/run_20260807_002234 HTTP/1.1" 200 OK
INFO:     127.0.0.1:61391 - "GET /api/admin/runs/run_20260807_002234 HTTP/1.1" 200 OK
INFO:     127.0.0.1:61392 - "GET /api/admin/runs/run_20260807_002234 HTTP/1.1" 200 OK
INFO:     127.0.0.1:61399 - "GET /api/admin/runs/run_20260807_001711 HTTP/1.1" 200 OK
INFO:     127.0.0.1:62093 - "GET /api/run?query=%E4%BB%8B%E7%BB%8D%E4%B8%80%E4%B8%8B%E9%87%8F%E5%AD%90%E8%AE%A1%E7%AE%97%E7%9A%84%E5%9F%BA%E6%9C%AC%E5%8E%9F%E7%90%86 HTTP/1.1" 200 OK
INFO:     127.0.0.1:62489 - "GET /api/admin/runs?limit=2 HTTP/1.1" 200 OK
INFO:     127.0.0.1:62491 - "GET /api/graph HTTP/1.1" 200 OK
INFO:     127.0.0.1:62560 - "POST /api/interrupt HTTP/1.1" 200 OK
INFO:     127.0.0.1:62592 - "GET /api/graph HTTP/1.1" 200 OK
INFO:     127.0.0.1:62840 - "GET /api/admin/runs?limit=6 HTTP/1.1" 200 OK
INFO:     127.0.0.1:62849 - "GET /api/graph HTTP/1.1" 200 OK
  [OK] 安全校验模型加载成功，设备: cuda
 [OK] 安全校验模型加载成功，设备: cuda
 [OK] 安全校验模型加载成功，设备: cuda
 [OK] 安全校验模型加载成功，设备: cuda
[OK] 安全校验模型加载成功，设备: cuda
INFO:     127.0.0.1:49304 - "GET /api/admin/runs?limit=1 HTTP/1.1" 200 OK
INFO:     127.0.0.1:49599 - "GET /api/run?query=%E4%BB%8B%E7%BB%8D%E8%85%BE%E8%AE%AF%E7%9A%84%E5%85%A8%E6%A0%88%E5%BC%80%E5%8F%91%E5%B7%A5%E7%A8%8B%E5%B8%88 HTTP/1.1" 200 OK
INFO:     127.0.0.1:49745 - "GET /api/admin/overview HTTP/1.1" 200 OK
INFO:     127.0.0.1:49747 - "GET /api/admin/runs?limit=20&offset=0 HTTP/1.1" 200 OK
INFO:     127.0.0.1:49764 - "GET /api/admin/runs?limit=20&offset=0 HTTP/1.1" 200 OK
INFO:     127.0.0.1:49763 - "GET /api/admin/overview HTTP/1.1" 200 OK
INFO:     127.0.0.1:49773 - "GET /api/admin/runs/run_20260807_011622 HTTP/1.1" 200 OK
INFO:     127.0.0.1:49836 - "POST /api/interrupt HTTP/1.1" 200 OK
INFO:     127.0.0.1:49855 - "POST /api/retry_from_graph HTTP/1.1" 200 OK

============================================================
[Run Complete] graph_summary: {
  "nodes": [
    {
      "id": "plan_0_9e69fa",
      "type": "Plan",
      "step_index": 0,
      "label": "规划",
      "status": "done",
      "decision": "need_more"
    },
    {
      "id": "toolcall_1_93a3a3",
      "type": "ToolCall",
      "step_index": 1,
      "label": "工具（网络搜索）",
      "status": "done",
      "decision": null
    },
    {
      "id": "toolcall_1_32c58f",
      "type": "ToolCall",
      "step_index": 1,
      "label": "工具（网络搜索）（废弃）",
      "status": "branch",
      "decision": null
    },
    {
      "id": "observe_2_967592",
      "type": "Observe",
      "step_index": 2,
      "label": "评估（第1轮）（已打断）",
      "status": "replaced",
      "decision": null
    },
    {
      "id": "plan_3_c213de",
      "type": "Plan",
      "step_index": 3,
      "label": "决策：信息充足（已打断）",
      "status": "replaced",
      "decision": "sufficient"
    },
    {
      "id": "answer_4_c475f0",
      "type": "Answer",
      "step_index": 4,
      "label": "最终回答（已打断）",
      "status": "replaced",
      "decision": null
    },
    {
      "id": "toolcall_1_bdf012",
      "type": "ToolCall",
      "step_index": 1,
      "label": "工具（网络搜索）（重试）",
      "status": "done",
      "decision": null
    },
    {
      "id": "observe_2_f03869",
      "type": "Observe",
      "step_index": 2,
      "label": "评估（第1轮）",
      "status": "done",
      "decision": null
    },
    {
      "id": "plan_3_8812bc",
      "type": "Plan",
      "step_index": 3,
      "label": "决策：需要补搜",
      "status": "done",
      "decision": "need_more"
    },
    {
      "id": "answer_4_6812cd",
      "type": "Answer",
      "step_index": 4,
      "label": "最终回答",
      "status": "done",
      "decision": null
    }
  ],
  "edges": [
    {
      "from": "plan_0_9e69fa",
      "to": "toolcall_1_93a3a3",
      "type": "Parallel"
    },
    {
      "from": "plan_0_9e69fa",
      "to": "toolcall_1_32c58f",
      "type": "Parallel"
    },
    {
      "from": "toolcall_1_93a3a3",
      "to": "observe_2_967592",
      "type": "Normal"
    },
    {
      "from": "toolcall_1_32c58f",
      "to": "observe_2_967592",
      "type": "Normal"
    },
    {
      "from": "observe_2_967592",
      "to": "plan_3_c213de",
      "type": "Normal"
    },
    {
      "from": "plan_3_c213de",
      "to": "answer_4_c475f0",
      "type": "Normal"
    },
    {
      "from": "plan_0_9e69fa",
      "to": "toolcall_1_bdf012",
      "type": "Normal"
    },
    {
      "from": "toolcall_1_bdf012",
      "to": "observe_2_f03869",
      "type": "Normal"
    },
    {
      "from": "observe_2_f03869",
      "to": "plan_3_8812bc",
      "type": "Normal"
    },
    {
      "from": "plan_3_8812bc",
      "to": "answer_4_6812cd",
      "type": "Normal"
    }
  ]
}
============================================================

INFO:     127.0.0.1:50461 - "GET /api/admin/overview HTTP/1.1" 200 OK
INFO:     127.0.0.1:50464 - "GET /api/admin/runs?limit=20&offset=0 HTTP/1.1" 200 OK
 INFO:     127.0.0.1:54565 - "GET /health HTTP/1.1" 404 Not Found
INFO:     127.0.0.1:54694 - "GET /health HTTP/1.1" 404 Not Found
INFO:     127.0.0.1:54801 - "GET /api/health HTTP/1.1" 200 OK
INFO:     127.0.0.1:54802 - "GET /api/health HTTP/1.1" 200 OK
[OK] 安全校验模型加载成功，设备: cuda
INFO:     127.0.0.1:56647 - "GET /api/run?query=%E8%85%BE%E8%AE%AF%E5%85%A8%E6%A0%88%E5%BC%80%E5%8F%91%E5%B7%A5%E7%A8%8B%E5%B8%88%20%E5%B2%97%E4%BD%8D%E8%81%8C%E8%B4%A3%20%E6%8A%80%E6%9C%AF%E6%A0%88%20%E6%8B%9B%E8%81%98%E8%A6%81%E6%B1%82 HTTP/1.1" 200 OK
INFO:     127.0.0.1:56737 - "POST /api/interrupt HTTP/1.1" 200 OK
INFO:     127.0.0.1:56751 - "GET /api/graph HTTP/1.1" 200 OK
INFO:     127.0.0.1:56761 - "POST /api/retry HTTP/1.1" 200 OK

============================================================
[Run Complete] graph_summary: {
  "nodes": [
    {
      "id": "plan_0_e253a2",
      "type": "Plan",
      "step_index": 0,
      "label": "规划",
      "status": "done",
      "decision": "need_more"
    },
    {
      "id": "toolcall_1_6543dd",
      "type": "ToolCall",
      "step_index": 1,
      "label": "工具（网络搜索）",
      "status": "done",
      "decision": null
    },
    {
      "id": "observe_2_2cb37e",
      "type": "Observe",
      "step_index": 2,
      "label": "评估（第1轮）（已打断）",
      "status": "branch",
      "decision": null
    },
    {
      "id": "plan_2_6fffdd",
      "type": "Plan",
      "step_index": 2,
      "label": "决策：信息不足",
      "status": "done",
      "decision": "need_more"
    },
    {
      "id": "toolcall_3_59db0c",
      "type": "ToolCall",
      "step_index": 3,
      "label": "工具（网络搜索）",
      "status": "done",
      "decision": null
    },
    {
      "id": "toolcall_3_0f0642",
      "type": "ToolCall",
      "step_index": 3,
      "label": "工具（网络搜索）",
      "status": "done",
      "decision": null
    },
    {
      "id": "observe_4_f1480a",
      "type": "Observe",
      "step_index": 4,
      "label": "评估（第1轮）",
      "status": "done",
      "decision": null
    },
    {
      "id": "plan_5_5e76aa",
      "type": "Plan",
      "step_index": 5,
      "label": "决策：信息充足",
      "status": "done",
      "decision": "sufficient"
    },
    {
      "id": "answer_6_f980b8",
      "type": "Answer",
      "step_index": 6,
      "label": "最终回答",
      "status": "done",
      "decision": null
    }
  ],
  "edges": [
    {
      "from": "plan_0_e253a2",
      "to": "toolcall_1_6543dd",
      "type": "Normal"
    },
    {
      "from": "toolcall_1_6543dd",
      "to": "plan_2_6fffdd",
      "type": "Normal"
    },
    {
      "from": "plan_2_6fffdd",
      "to": "toolcall_3_59db0c",
      "type": "Parallel"
    },
    {
      "from": "plan_2_6fffdd",
      "to": "toolcall_3_0f0642",
      "type": "Parallel"
    },
    {
      "from": "toolcall_3_59db0c",
      "to": "observe_4_f1480a",
      "type": "Normal"
    },
    {
      "from": "toolcall_3_0f0642",
      "to": "observe_4_f1480a",
      "type": "Normal"
    },
    {
      "from": "toolcall_1_6543dd",
      "to": "observe_4_f1480a",
      "type": "Normal"
    },
    {
      "from": "observe_4_f1480a",
      "to": "plan_5_5e76aa",
      "type": "Normal"
    },
    {
      "from": "plan_5_5e76aa",
      "to": "answer_6_f980b8",
      "type": "Normal"
    }
  ]
}
============================================================

INFO:     127.0.0.1:57172 - "GET /api/graph HTTP/1.1" 200 OK
 INFO:     127.0.0.1:57836 - "GET /api/run?query=%E8%85%BE%E8%AE%AF%E5%85%A8%E6%A0%88%E5%BC%80%E5%8F%91%E5%B7%A5%E7%A8%8B%E5%B8%88%20%E5%B2%97%E4%BD%8D%E8%81%8C%E8%B4%A3%20%E6%8A%80%E6%9C%AF%E6%A0%88%20%E6%8B%9B%E8%81%98%E8%A6%81%E6%B1%82 HTTP/1.1" 200 OK
[OK] 安全校验模型加载成功，设备: cuda
INFO:     127.0.0.1:58175 - "GET /api/health HTTP/1.1" 200 OK
INFO:     127.0.0.1:58195 - "GET /api/health HTTP/1.1" 200 OK
INFO:     127.0.0.1:58234 - "GET /api/run?query=%E8%85%BE%E8%AE%AF%E5%85%A8%E6%A0%88%E5%BC%80%E5%8F%91%E5%B7%A5%E7%A8%8B%E5%B8%88%20%E5%B2%97%E4%BD%8D%E8%81%8C%E8%B4%A3%20%E6%8A%80%E6%9C%AF%E6%A0%88%20%E6%8B%9B%E8%81%98%E8%A6%81%E6%B1%82 HTTP/1.1" 200 OK
INFO:     127.0.0.1:58304 - "POST /api/interrupt HTTP/1.1" 200 OK
INFO:     127.0.0.1:58307 - "GET /api/graph HTTP/1.1" 200 OK
INFO:     127.0.0.1:58325 - "POST /api/retry HTTP/1.1" 200 OK

============================================================
[Run Complete] graph_summary: {
  "nodes": [
    {
      "id": "plan_0_33237c",
      "type": "Plan",
      "step_index": 0,
      "label": "规划",
      "status": "done",
      "decision": "need_more"
    },
    {
      "id": "toolcall_1_d2744c",
      "type": "ToolCall",
      "step_index": 1,
      "label": "工具（网络搜索）",
      "status": "done",
      "decision": null
    },
    {
      "id": "observe_2_dce951",
      "type": "Observe",
      "step_index": 2,
      "label": "评估（第1轮）（已打断）",
      "status": "branch",
      "decision": null
    },
    {
      "id": "plan_2_5179dd",
      "type": "Plan",
      "step_index": 2,
      "label": "决策：信息不足",
      "status": "done",
      "decision": "need_more"
    },
    {
      "id": "toolcall_3_e762b8",
      "type": "ToolCall",
      "step_index": 3,
      "label": "工具（网络搜索）",
      "status": "done",
      "decision": null
    },
    {
      "id": "toolcall_3_a5a25e",
      "type": "ToolCall",
      "step_index": 3,
      "label": "工具（网络搜索）",
      "status": "done",
      "decision": null
    },
    {
      "id": "observe_4_5db070",
      "type": "Observe",
      "step_index": 4,
      "label": "评估（第1轮）",
      "status": "done",
      "decision": null
    },
    {
      "id": "plan_5_2201bd",
      "type": "Plan",
      "step_index": 5,
      "label": "决策：信息充足",
      "status": "done",
      "decision": "sufficient"
    },
    {
      "id": "answer_6_99133f",
      "type": "Answer",
      "step_index": 6,
      "label": "最终回答",
      "status": "done",
      "decision": null
    }
  ],
  "edges": [
    {
      "from": "plan_0_33237c",
      "to": "toolcall_1_d2744c",
      "type": "Normal"
    },
    {
      "from": "toolcall_1_d2744c",
      "to": "plan_2_5179dd",
      "type": "Normal"
    },
    {
      "from": "plan_2_5179dd",
      "to": "toolcall_3_e762b8",
      "type": "Parallel"
    },
    {
      "from": "plan_2_5179dd",
      "to": "toolcall_3_a5a25e",
      "type": "Parallel"
    },
    {
      "from": "toolcall_3_e762b8",
      "to": "observe_4_5db070",
      "type": "Normal"
    },
    {
      "from": "toolcall_3_a5a25e",
      "to": "observe_4_5db070",
      "type": "Normal"
    },
    {
      "from": "toolcall_1_d2744c",
      "to": "observe_4_5db070",
      "type": "Normal"
    },
    {
      "from": "observe_4_5db070",
      "to": "plan_5_2201bd",
      "type": "Normal"
    },
    {
      "from": "plan_5_2201bd",
      "to": "answer_6_99133f",
      "type": "Normal"
    }
  ]
}
============================================================

INFO:     127.0.0.1:58683 - "GET /api/graph HTTP/1.1" 200 OK
INFO:     127.0.0.1:58916 - "GET /api/admin/overview HTTP/1.1" 200 OK
INFO:     127.0.0.1:58917 - "GET /api/admin/runs?limit=20&offset=0 HTTP/1.1" 200 OK
INFO:     127.0.0.1:58958 - "GET /api/run?query=%E5%86%85%E6%8E%A8%E5%92%8C%E8%87%AA%E5%B7%B1%E6%8A%95%E6%9C%89%E4%BB%80%E4%B9%88%E4%B8%8D%E5%90%8C HTTP/1.1" 200 OK
INFO:     127.0.0.1:59153 - "GET /api/admin/overview HTTP/1.1" 200 OK
INFO:     127.0.0.1:59154 - "GET /api/admin/runs?limit=20&offset=0 HTTP/1.1" 200 OK
INFO:     127.0.0.1:59160 - "GET /api/admin/runs/run_20260807_025208 HTTP/1.1" 200 OK
INFO:     127.0.0.1:59195 - "GET /api/run?query=%E5%86%85%E6%8E%A8%E5%92%8C%E8%87%AA%E5%B7%B1%E6%8A%95%E6%9C%89%E4%BB%80%E4%B9%88%E4%B8%8D%E5%90%8C HTTP/1.1" 200 OK
INFO:     127.0.0.1:59353 - "GET /api/admin/overview HTTP/1.1" 200 OK
INFO:     127.0.0.1:59354 - "GET /api/admin/runs?limit=20&offset=0 HTTP/1.1" 200 OK
INFO:     127.0.0.1:59517 - "GET /api/admin/overview HTTP/1.1" 200 OK
INFO:     127.0.0.1:59519 - "GET /api/admin/runs?limit=20&offset=0 HTTP/1.1" 200 OK
INFO:     127.0.0.1:59652 - "GET /api/run?query=%E5%86%85%E6%8E%A8%E5%92%8C%E8%87%AA%E5%B7%B1%E6%8A%95%E6%9C%89%E4%BB%80%E4%B9%88%E4%B8%8D%E5%90%8C HTTP/1.1" 200 OK
INFO:     127.0.0.1:59921 - "POST /api/interrupt HTTP/1.1" 200 OK
INFO:     127.0.0.1:59956 - "POST /api/retry_from_graph HTTP/1.1" 200 OK

============================================================
[Run Complete] graph_summary: {
  "nodes": [
    {
      "id": "plan_0_0cad91",
      "type": "Plan",
      "step_index": 0,
      "label": "规划",
      "status": "done",
      "decision": "need_more"
    },
    {
      "id": "toolcall_1_951a1c",
      "type": "ToolCall",
      "step_index": 1,
      "label": "工具（RAG 检索）",
      "status": "done",
      "decision": null
    },
    {
      "id": "observe_2_8f891e",
      "type": "Observe",
      "step_index": 2,
      "label": "评估（第1轮）",
      "status": "done",
      "decision": null
    },
    {
      "id": "plan_3_9ea821",
      "type": "Plan",
      "step_index": 3,
      "label": "决策：信息不足",
      "status": "done",
      "decision": "need_more"
    },
    {
      "id": "toolcall_4_2e9388",
      "type": "ToolCall",
      "step_index": 4,
      "label": "工具（网络搜索）（废弃）",
      "status": "branch",
      "decision": null
    },
    {
      "id": "toolcall_4_684765",
      "type": "ToolCall",
      "step_index": 4,
      "label": "工具（网络搜索）",
      "status": "done",
      "decision": null
    },
    {
      "id": "observe_5_431f4d",
      "type": "Observe",
      "step_index": 5,
      "label": "评估（第2轮）（已打断）",
      "status": "replaced",
      "decision": null
    },
    {
      "id": "plan_6_706ce7",
      "type": "Plan",
      "step_index": 6,
      "label": "决策：信息充足（已打断）",
      "status": "replaced",
      "decision": "sufficient"
    },
    {
      "id": "answer_7_58acc7",
      "type": "Answer",
      "step_index": 7,
      "label": "最终回答（已打断）",
      "status": "replaced",
      "decision": null
    },
    {
      "id": "toolcall_4_048e70",
      "type": "ToolCall",
      "step_index": 4,
      "label": "工具（网络搜索）（重试）",
      "status": "done",
      "decision": null
    },
    {
      "id": "observe_5_fb9732",
      "type": "Observe",
      "step_index": 5,
      "label": "评估（第2轮）",
      "status": "done",
      "decision": null
    },
    {
      "id": "plan_6_a61e8f",
      "type": "Plan",
      "step_index": 6,
      "label": "决策：信息充足",
      "status": "done",
      "decision": "sufficient"
    },
    {
      "id": "answer_7_9e2df3",
      "type": "Answer",
      "step_index": 7,
      "label": "最终回答",
      "status": "done",
      "decision": null
    }
  ],
  "edges": [
    {
      "from": "plan_0_0cad91",
      "to": "toolcall_1_951a1c",
      "type": "Normal"
    },
    {
      "from": "toolcall_1_951a1c",
      "to": "observe_2_8f891e",
      "type": "Normal"
    },
    {
      "from": "observe_2_8f891e",
      "to": "plan_3_9ea821",
      "type": "Normal"
    },
    {
      "from": "plan_3_9ea821",
      "to": "toolcall_4_2e9388",
      "type": "Parallel"
    },
    {
      "from": "plan_3_9ea821",
      "to": "toolcall_4_684765",
      "type": "Parallel"
    },
    {
      "from": "toolcall_4_2e9388",
      "to": "observe_5_431f4d",
      "type": "Normal"
    },
    {
      "from": "observe_5_431f4d",
      "to": "plan_6_706ce7",
      "type": "Normal"
    },
    {
      "from": "plan_6_706ce7",
      "to": "answer_7_58acc7",
      "type": "Normal"
    },
    {
      "from": "plan_3_9ea821",
      "to": "toolcall_4_048e70",
      "type": "Normal"
    },
    {
      "from": "toolcall_4_048e70",
      "to": "observe_5_fb9732",
      "type": "Normal"
    },
    {
      "from": "toolcall_4_684765",
      "to": "observe_5_fb9732",
      "type": "Normal"
    },
    {
      "from": "observe_5_fb9732",
      "to": "plan_6_a61e8f",
      "type": "Normal"
    },
    {
      "from": "plan_6_a61e8f",
      "to": "answer_7_9e2df3",
      "type": "Normal"
    }
  ]
}
============================================================

INFO:     127.0.0.1:60697 - "GET /api/admin/overview HTTP/1.1" 200 OK
INFO:     127.0.0.1:60698 - "GET /api/admin/runs?limit=20&offset=0 HTTP/1.1" 200 OK
INFO:     127.0.0.1:61329 - "GET /api/admin/overview HTTP/1.1" 200 OK
INFO:     127.0.0.1:61330 - "GET /api/admin/runs?limit=20&offset=0 HTTP/1.1" 200 OK
  [OK] 安全校验模型加载成功，设备: cuda
[OK] 安全校验模型加载成功，设备: cuda
INFO:     127.0.0.1:62641 - "GET /api/run?query=%E8%85%BE%E8%AE%AF%E5%85%A8%E6%A0%88%E5%BC%80%E5%8F%91%E5%B7%A5%E7%A8%8B%E5%B8%88%20%E5%B2%97%E4%BD%8D%E8%81%8C%E8%B4%A3%20%E6%8A%80%E6%9C%AF%E6%A0%88%20%E6%8B%9B%E8%81%98%E8%A6%81%E6%B1%82 HTTP/1.1" 200 OK

============================================================
[Run Complete] graph_summary: {
  "nodes": [
    {
      "id": "plan_0_bf3fd5",
      "type": "Plan",
      "step_index": 0,
      "label": "规划",
      "status": "done",
      "decision": "need_more"
    },
    {
      "id": "toolcall_1_b3d444",
      "type": "ToolCall",
      "step_index": 1,
      "label": "工具（网络搜索）",
      "status": "done",
      "decision": null
    },
    {
      "id": "observe_2_662d76",
      "type": "Observe",
      "step_index": 2,
      "label": "评估（第1轮）",
      "status": "done",
      "decision": null
    },
    {
      "id": "plan_3_81029d",
      "type": "Plan",
      "step_index": 3,
      "label": "决策：信息充足",
      "status": "done",
      "decision": "sufficient"
    },
    {
      "id": "answer_4_762171",
      "type": "Answer",
      "step_index": 4,
      "label": "最终回答",
      "status": "done",
      "decision": null
    }
  ],
  "edges": [
    {
      "from": "plan_0_bf3fd5",
      "to": "toolcall_1_b3d444",
      "type": "Normal"
    },
    {
      "from": "toolcall_1_b3d444",
      "to": "observe_2_662d76",
      "type": "Normal"
    },
    {
      "from": "observe_2_662d76",
      "to": "plan_3_81029d",
      "type": "Normal"
    },
    {
      "from": "plan_3_81029d",
      "to": "answer_4_762171",
      "type": "Normal"
    }
  ]
}
============================================================

INFO:     127.0.0.1:62894 - "GET /api/graph HTTP/1.1" 200 OK
INFO:     127.0.0.1:63116 - "GET /api/run?query=%E8%85%BE%E8%AE%AF%E5%85%A8%E6%A0%88%E5%BC%80%E5%8F%91%E5%B7%A5%E7%A8%8B%E5%B8%88%20%E5%B2%97%E4%BD%8D%E8%81%8C%E8%B4%A3%20%E6%8A%80%E6%9C%AF%E6%A0%88%20%E6%8B%9B%E8%81%98%E8%A6%81%E6%B1%82 HTTP/1.1" 200 OK
INFO:     127.0.0.1:63274 - "GET /api/admin/overview HTTP/1.1" 200 OK
INFO:     127.0.0.1:63275 - "GET /api/admin/runs?limit=20&offset=0 HTTP/1.1" 200 OK
INFO:     127.0.0.1:63286 - "GET /api/admin/runs/run_20260807_031652 HTTP/1.1" 200 OK
INFO:     127.0.0.1:63393 - "GET /api/run?query=%E9%99%A4%E4%BA%86transformer%EF%BC%8Cllm%E8%BF%98%E9%87%87%E7%94%A8%E4%BA%86%E5%93%AA%E4%BA%9B%E6%A8%A1%E5%9E%8B HTTP/1.1" 200 OK
INFO:     127.0.0.1:63431 - "POST /api/interrupt HTTP/1.1" 200 OK

============================================================
[Run Complete] graph_summary: {
  "nodes": [
    {
      "id": "plan_0_88f08f",
      "type": "Plan",
      "step_index": 0,
      "label": "规划",
      "status": "done",
      "decision": "need_more"
    },
    {
      "id": "toolcall_1_d7b693",
      "type": "ToolCall",
      "step_index": 1,
      "label": "工具（RAG 检索）",
      "status": "done",
      "decision": null
    },
    {
      "id": "observe_2_e0f469",
      "type": "Observe",
      "step_index": 2,
      "label": "评估（第1轮）（已打断）",
      "status": "replaced",
      "decision": null
    },
    {
      "id": "answer_4_4dbcb4",
      "type": "Answer",
      "step_index": 4,
      "label": "最终回答",
      "status": "done",
      "decision": null
    }
  ],
  "edges": [
    {
      "from": "plan_0_88f08f",
      "to": "toolcall_1_d7b693",
      "type": "Normal"
    },
    {
      "from": "toolcall_1_d7b693",
      "to": "answer_4_4dbcb4",
      "type": "Normal"
    }
  ]
}
============================================================

INFO:     127.0.0.1:63449 - "GET /api/graph HTTP/1.1" 200 OK
INFO:     127.0.0.1:63456 - "POST /api/retry HTTP/1.1" 200 OK

============================================================
[Run Complete] graph_summary: {
  "nodes": [
    {
      "id": "plan_0_88f08f",
      "type": "Plan",
      "step_index": 0,
      "label": "规划",
      "status": "done",
      "decision": "need_more"
    },
    {
      "id": "toolcall_1_d7b693",
      "type": "ToolCall",
      "step_index": 1,
      "label": "工具（RAG 检索）",
      "status": "done",
      "decision": null
    },
    {
      "id": "observe_2_e0f469",
      "type": "Observe",
      "step_index": 2,
      "label": "评估（第1轮）（已打断）",
      "status": "branch",
      "decision": null
    },
    {
      "id": "answer_4_4dbcb4",
      "type": "Answer",
      "step_index": 4,
      "label": "最终回答",
      "status": "branch",
      "decision": null
    },
    {
      "id": "plan_2_43cc0e",
      "type": "Plan",
      "step_index": 2,
      "label": "决策：信息不足",
      "status": "done",
      "decision": "need_more"
    },
    {
      "id": "toolcall_3_41ee3e",
      "type": "ToolCall",
      "step_index": 3,
      "label": "工具（网络搜索）",
      "status": "done",
      "decision": null
    },
    {
      "id": "toolcall_3_6f7bbd",
      "type": "ToolCall",
      "step_index": 3,
      "label": "工具（网络搜索）",
      "status": "done",
      "decision": null
    },
    {
      "id": "observe_4_5017d3",
      "type": "Observe",
      "step_index": 4,
      "label": "评估（第1轮）",
      "status": "done",
      "decision": null
    },
    {
      "id": "plan_5_a1dffa",
      "type": "Plan",
      "step_index": 5,
      "label": "决策：信息充足",
      "status": "done",
      "decision": "sufficient"
    },
    {
      "id": "answer_6_131e2f",
      "type": "Answer",
      "step_index": 6,
      "label": "最终回答",
      "status": "done",
      "decision": null
    }
  ],
  "edges": [
    {
      "from": "plan_0_88f08f",
      "to": "toolcall_1_d7b693",
      "type": "Normal"
    },
    {
      "from": "toolcall_1_d7b693",
      "to": "answer_4_4dbcb4",
      "type": "Branch"
    },
    {
      "from": "toolcall_1_d7b693",
      "to": "plan_2_43cc0e",
      "type": "Normal"
    },
    {
      "from": "plan_2_43cc0e",
      "to": "toolcall_3_41ee3e",
      "type": "Parallel"
    },
    {
      "from": "plan_2_43cc0e",
      "to": "toolcall_3_6f7bbd",
      "type": "Parallel"
    },
    {
      "from": "toolcall_3_41ee3e",
      "to": "observe_4_5017d3",
      "type": "Normal"
    },
    {
      "from": "toolcall_3_6f7bbd",
      "to": "observe_4_5017d3",
      "type": "Normal"
    },
    {
      "from": "observe_4_5017d3",
      "to": "plan_5_a1dffa",
      "type": "Normal"
    },
    {
      "from": "plan_5_a1dffa",
      "to": "answer_6_131e2f",
      "type": "Normal"
    }
  ]
}
============================================================

INFO:     127.0.0.1:63740 - "GET /api/graph HTTP/1.1" 200 OK
INFO:     127.0.0.1:63894 - "GET /api/admin/overview HTTP/1.1" 200 OK
INFO:     127.0.0.1:63895 - "GET /api/admin/runs?limit=20&offset=0 HTTP/1.1" 200 OK
INFO:     127.0.0.1:63927 - "GET /api/run?query=%E9%99%A4%E4%BA%86transformer%EF%BC%8Cllm%E8%BF%98%E9%87%87%E7%94%A8%E4%BA%86%E5%93%AA%E4%BA%9B%E6%A8%A1%E5%9E%8B HTTP/1.1" 200 OK
INFO:     127.0.0.1:64191 - "POST /api/interrupt HTTP/1.1" 200 OK
INFO:     127.0.0.1:64215 - "POST /api/retry_from_graph HTTP/1.1" 200 OK

============================================================
[Run Complete] graph_summary: {
  "nodes": [
    {
      "id": "plan_0_53305a",
      "type": "Plan",
      "step_index": 0,
      "label": "规划",
      "status": "done",
      "decision": "need_more"
    },
    {
      "id": "toolcall_1_ea7f68",
      "type": "ToolCall",
      "step_index": 1,
      "label": "工具（RAG 检索）",
      "status": "done",
      "decision": null
    },
    {
      "id": "observe_2_d6f8e1",
      "type": "Observe",
      "step_index": 2,
      "label": "评估（第1轮）",
      "status": "done",
      "decision": null
    },
    {
      "id": "plan_3_063533",
      "type": "Plan",
      "step_index": 3,
      "label": "决策：信息不足",
      "status": "done",
      "decision": "need_more"
    },
    {
      "id": "toolcall_4_95f937",
      "type": "ToolCall",
      "step_index": 4,
      "label": "工具（网络搜索）",
      "status": "done",
      "decision": null
    },
    {
      "id": "toolcall_4_b46235",
      "type": "ToolCall",
      "step_index": 4,
      "label": "工具（网络搜索）（废弃）",
      "status": "branch",
      "decision": null
    },
    {
      "id": "observe_5_f76bb3",
      "type": "Observe",
      "step_index": 5,
      "label": "评估（第2轮）（已打断）",
      "status": "replaced",
      "decision": null
    },
    {
      "id": "plan_6_b53594",
      "type": "Plan",
      "step_index": 6,
      "label": "决策（已打断）",
      "status": "replaced",
      "decision": null
    },
    {
      "id": "toolcall_4_bf07f2",
      "type": "ToolCall",
      "step_index": 4,
      "label": "工具（网络搜索）（重试）",
      "status": "done",
      "decision": null
    },
    {
      "id": "observe_5_a7b588",
      "type": "Observe",
      "step_index": 5,
      "label": "评估（第2轮）",
      "status": "done",
      "decision": null
    },
    {
      "id": "plan_6_c24bf9",
      "type": "Plan",
      "step_index": 6,
      "label": "决策：信息充足",
      "status": "done",
      "decision": "sufficient"
    },
    {
      "id": "answer_7_b10956",
      "type": "Answer",
      "step_index": 7,
      "label": "最终回答",
      "status": "done",
      "decision": null
    }
  ],
  "edges": [
    {
      "from": "plan_0_53305a",
      "to": "toolcall_1_ea7f68",
      "type": "Normal"
    },
    {
      "from": "toolcall_1_ea7f68",
      "to": "observe_2_d6f8e1",
      "type": "Normal"
    },
    {
      "from": "observe_2_d6f8e1",
      "to": "plan_3_063533",
      "type": "Normal"
    },
    {
      "from": "plan_3_063533",
      "to": "toolcall_4_95f937",
      "type": "Parallel"
    },
    {
      "from": "plan_3_063533",
      "to": "toolcall_4_b46235",
      "type": "Parallel"
    },
    {
      "from": "observe_5_f76bb3",
      "to": "plan_6_b53594",
      "type": "Normal"
    },
    {
      "from": "plan_3_063533",
      "to": "toolcall_4_bf07f2",
      "type": "Normal"
    },
    {
      "from": "toolcall_4_bf07f2",
      "to": "observe_5_a7b588",
      "type": "Normal"
    },
    {
      "from": "observe_5_a7b588",
      "to": "plan_6_c24bf9",
      "type": "Normal"
    },
    {
      "from": "plan_6_c24bf9",
      "to": "answer_7_b10956",
      "type": "Normal"
    }
  ]
}
============================================================

INFO:     127.0.0.1:64557 - "GET /api/admin/overview HTTP/1.1" 200 OK
INFO:     127.0.0.1:64558 - "GET /api/admin/runs?limit=20&offset=0 HTTP/1.1" 200 OK
  [OK] 安全校验模型加载成功，设备: cuda
[OK] 安全校验模型加载成功，设备: cuda
INFO:     127.0.0.1:49355 - "GET /api/run?query=%E8%85%BE%E8%AE%AF%E5%85%A8%E6%A0%88%E5%BC%80%E5%8F%91%E5%B7%A5%E7%A8%8B%E5%B8%88%20%E5%B2%97%E4%BD%8D%E8%81%8C%E8%B4%A3%20%E6%8A%80%E6%9C%AF%E6%A0%88%20%E6%8B%9B%E8%81%98%E8%A6%81%E6%B1%82 HTTP/1.1" 200 OK
INFO:     127.0.0.1:49406 - "GET /api/run?query=%E4%B8%8D%E7%94%A8rag%EF%BC%8C%20%E7%94%A8search%EF%BC%9Acnn%E5%92%8Crnn%E5%8C%BA%E5%88%AB HTTP/1.1" 200 OK
INFO:     127.0.0.1:49597 - "POST /api/interrupt HTTP/1.1" 200 OK

============================================================
[Run Complete] graph_summary: {
  "nodes": [
    {
      "id": "plan_0_d3c90a",
      "type": "Plan",
      "step_index": 0,
      "label": "规划",
      "status": "done",
      "decision": "need_more"
    },
    {
      "id": "toolcall_1_c37eca",
      "type": "ToolCall",
      "step_index": 1,
      "label": "工具（网络搜索）",
      "status": "done",
      "decision": null
    },
    {
      "id": "observe_2_27b466",
      "type": "Observe",
      "step_index": 2,
      "label": "评估（第1轮）",
      "status": "done",
      "decision": null
    },
    {
      "id": "observe_2_9051f3",
      "type": "Observe",
      "step_index": 2,
      "label": "评估（第1轮）",
      "status": "done",
      "decision": null
    },
    {
      "id": "plan_3_a098ce",
      "type": "Plan",
      "step_index": 3,
      "label": "决策：信息充足（已打断）",
      "status": "replaced",
      "decision": "sufficient"
    },
    {
      "id": "plan_3_058e4c",
      "type": "Plan",
      "step_index": 3,
      "label": "决策：信息充足（已打断）",
      "status": "replaced",
      "decision": "sufficient"
    },
    {
      "id": "answer_4_d71da7",
      "type": "Answer",
      "step_index": 4,
      "label": "最终回答（已打断）",
      "status": "replaced",
      "decision": null
    },
    {
      "id": "answer_4_a021e4",
      "type": "Answer",
      "step_index": 4,
      "label": "最终回答",
      "status": "done",
      "decision": null
    }
  ],
  "edges": [
    {
      "from": "plan_0_d3c90a",
      "to": "toolcall_1_c37eca",
      "type": "Normal"
    },
    {
      "from": "toolcall_1_0242cb",
      "to": "observe_2_27b466",
      "type": "Normal"
    },
    {
      "from": "toolcall_1_c37eca",
      "to": "observe_2_9051f3",
      "type": "Normal"
    },
    {
      "from": "observe_2_9051f3",
      "to": "plan_3_a098ce",
      "type": "Normal"
    },
    {
      "from": "plan_3_a098ce",
      "to": "plan_3_058e4c",
      "type": "Normal"
    },
    {
      "from": "plan_3_058e4c",
      "to": "answer_4_d71da7",
      "type": "Normal"
    },
    {
      "from": "observe_2_9051f3",
      "to": "answer_4_a021e4",
      "type": "Normal"
    }
  ]
}
============================================================

INFO:     127.0.0.1:49606 - "GET /api/graph HTTP/1.1" 200 OK
INFO:     127.0.0.1:49615 - "POST /api/retry HTTP/1.1" 200 OK
INFO:     127.0.0.1:49670 - "GET /api/admin/overview HTTP/1.1" 200 OK
INFO:     127.0.0.1:49671 - "GET /api/admin/runs?limit=20&offset=0 HTTP/1.1" 200 OK

============================================================
[Run Complete] graph_summary: {
  "nodes": [
    {
      "id": "plan_0_d3c90a",
      "type": "Plan",
      "step_index": 0,
      "label": "规划",
      "status": "done",
      "decision": "need_more"
    },
    {
      "id": "toolcall_1_c37eca",
      "type": "ToolCall",
      "step_index": 1,
      "label": "工具（网络搜索）",
      "status": "done",
      "decision": null
    },
    {
      "id": "observe_2_27b466",
      "type": "Observe",
      "step_index": 2,
      "label": "评估（第1轮）",
      "status": "done",
      "decision": null
    },
    {
      "id": "observe_2_9051f3",
      "type": "Observe",
      "step_index": 2,
      "label": "评估（第1轮）",
      "status": "done",
      "decision": null
    },
    {
      "id": "plan_3_a098ce",
      "type": "Plan",
      "step_index": 3,
      "label": "决策：信息充足（已打断）",
      "status": "branch",
      "decision": "sufficient"
    },
    {
      "id": "plan_3_058e4c",
      "type": "Plan",
      "step_index": 3,
      "label": "决策：信息充足（已打断）",
      "status": "branch",
      "decision": "sufficient"
    },
    {
      "id": "answer_4_d71da7",
      "type": "Answer",
      "step_index": 4,
      "label": "最终回答（已打断）",
      "status": "branch",
      "decision": null
    },
    {
      "id": "answer_4_a021e4",
      "type": "Answer",
      "step_index": 4,
      "label": "最终回答",
      "status": "branch",
      "decision": null
    },
    {
      "id": "plan_3_7214a6",
      "type": "Plan",
      "step_index": 3,
      "label": "决策：信息充足",
      "status": "done",
      "decision": "sufficient"
    },
    {
      "id": "answer_4_38ba4a",
      "type": "Answer",
      "step_index": 4,
      "label": "最终回答",
      "status": "done",
      "decision": null
    }
  ],
  "edges": [
    {
      "from": "plan_0_d3c90a",
      "to": "toolcall_1_c37eca",
      "type": "Normal"
    },
    {
      "from": "toolcall_1_0242cb",
      "to": "observe_2_27b466",
      "type": "Normal"
    },
    {
      "from": "toolcall_1_c37eca",
      "to": "observe_2_9051f3",
      "type": "Normal"
    },
    {
      "from": "observe_2_9051f3",
      "to": "plan_3_a098ce",
      "type": "Branch"
    },
    {
      "from": "plan_3_a098ce",
      "to": "plan_3_058e4c",
      "type": "Branch"
    },
    {
      "from": "plan_3_058e4c",
      "to": "answer_4_d71da7",
      "type": "Branch"
    },
    {
      "from": "observe_2_9051f3",
      "to": "answer_4_a021e4",
      "type": "Branch"
    },
    {
      "from": "observe_2_9051f3",
      "to": "plan_3_7214a6",
      "type": "Normal"
    },
    {
      "from": "plan_3_7214a6",
      "to": "answer_4_38ba4a",
      "type": "Normal"
    }
  ]
}
============================================================

INFO:     127.0.0.1:49817 - "GET /api/graph HTTP/1.1" 200 OK
INFO:     127.0.0.1:50114 - "GET /api/run?query=%E4%B8%8D%E7%94%A8rag%EF%BC%8C%20%E7%94%A8search%EF%BC%9Acnn%E5%92%8Crnn%E5%8C%BA%E5%88%AB HTTP/1.1" 200 OK
INFO:     127.0.0.1:50328 - "POST /api/interrupt HTTP/1.1" 200 OK
INFO:     127.0.0.1:50363 - "POST /api/retry HTTP/1.1" 200 OK

============================================================
[Run Complete] graph_summary: {
  "nodes": [
    {
      "id": "plan_0_3eac77",
      "type": "Plan",
      "step_index": 0,
      "label": "规划",
      "status": "done",
      "decision": "need_more"
    },
    {
      "id": "toolcall_1_35e5e4",
      "type": "ToolCall",
      "step_index": 1,
      "label": "工具（网络搜索）",
      "status": "branch",
      "decision": null
    },
    {
      "id": "observe_2_f4572a",
      "type": "Observe",
      "step_index": 2,
      "label": "评估（第1轮）（已打断）",
      "status": "branch",
      "decision": null
    },
    {
      "id": "plan_3_f29dc3",
      "type": "Plan",
      "step_index": 3,
      "label": "决策：信息充足（已打断）",
      "status": "branch",
      "decision": "sufficient"
    },
    {
      "id": "answer_4_147aa3",
      "type": "Answer",
      "step_index": 4,
      "label": "最终回答（已打断）",
      "status": "branch",
      "decision": null
    },
    {
      "id": "toolcall_1_dfc781",
      "type": "ToolCall",
      "step_index": 1,
      "label": "工具（网络搜索）（重试）",
      "status": "done",
      "decision": null
    },
    {
      "id": "observe_2_77257c",
      "type": "Observe",
      "step_index": 2,
      "label": "评估（第1轮）",
      "status": "done",
      "decision": null
    },
    {
      "id": "plan_3_298d31",
      "type": "Plan",
      "step_index": 3,
      "label": "决策：信息充足",
      "status": "done",
      "decision": "sufficient"
    },
    {
      "id": "answer_4_2dcd7f",
      "type": "Answer",
      "step_index": 4,
      "label": "最终回答",
      "status": "done",
      "decision": null
    }
  ],
  "edges": [
    {
      "from": "plan_0_3eac77",
      "to": "toolcall_1_35e5e4",
      "type": "Branch"
    },
    {
      "from": "observe_2_f4572a",
      "to": "plan_3_f29dc3",
      "type": "Branch"
    },
    {
      "from": "plan_3_f29dc3",
      "to": "answer_4_147aa3",
      "type": "Branch"
    },
    {
      "from": "plan_0_3eac77",
      "to": "toolcall_1_dfc781",
      "type": "Normal"
    },
    {
      "from": "toolcall_1_dfc781",
      "to": "observe_2_77257c",
      "type": "Normal"
    },
    {
      "from": "observe_2_77257c",
      "to": "plan_3_298d31",
      "type": "Normal"
    },
    {
      "from": "plan_3_298d31",
      "to": "answer_4_2dcd7f",
      "type": "Normal"
    }
  ]
}
============================================================

INFO:     127.0.0.1:64349 - "GET /health HTTP/1.1" 404 Not Found
  [OK] 安全校验模型加载成功，设备: cuda
INFO:     127.0.0.1:65502 - "GET /api/runs HTTP/1.1" 404 Not Found
INFO:     127.0.0.1:49178 - "GET /api/run?query=%E4%BB%8B%E7%BB%8D%E4%B8%80%E4%B8%8B%E9%87%8F%E5%AD%90%E8%AE%A1%E7%AE%97%E7%9A%84%E5%9F%BA%E6%9C%AC%E5%8E%9F%E7%90%86 HTTP/1.1" 200 OK
INFO:     127.0.0.1:49223 - "GET /api/graph HTTP/1.1" 200 OK
INFO:     127.0.0.1:49228 - "POST /api/interrupt HTTP/1.1" 200 OK
INFO:     127.0.0.1:49231 - "GET /api/graph HTTP/1.1" 200 OK
INFO:     127.0.0.1:49398 - "GET /api/run?query=%E4%BF%9D%E8%AF%81agent%E6%96%AD%E7%BA%BF%E9%87%8D%E8%BF%9E%E7%9A%84%E6%96%B9%E5%BC%8F%E6%9C%89%E5%93%AA%E4%BA%9B HTTP/1.1" 200 OK
INFO:     127.0.0.1:49801 - "POST /api/interrupt HTTP/1.1" 200 OK
INFO:     127.0.0.1:49841 - "POST /api/retry_from_graph HTTP/1.1" 200 OK

============================================================
[Run Complete] graph_summary: {
  "nodes": [
    {
      "id": "plan_0_498f86",
      "type": "Plan",
      "step_index": 0,
      "label": "规划",
      "status": "done",
      "decision": "need_more"
    },
    {
      "id": "toolcall_1_2b28d1",
      "type": "ToolCall",
      "step_index": 1,
      "label": "工具（RAG 检索）",
      "status": "done",
      "decision": null
    },
    {
      "id": "observe_2_de63c8",
      "type": "Observe",
      "step_index": 2,
      "label": "评估（第1轮）",
      "status": "done",
      "decision": null
    },
    {
      "id": "plan_3_cfc9f9",
      "type": "Plan",
      "step_index": 3,
      "label": "决策：信息不足",
      "status": "done",
      "decision": "need_more"
    },
    {
      "id": "toolcall_4_e64ce6",
      "type": "ToolCall",
      "step_index": 4,
      "label": "工具（网络搜索）（废弃）",
      "status": "branch",
      "decision": null
    },
    {
      "id": "toolcall_4_ba07df",
      "type": "ToolCall",
      "step_index": 4,
      "label": "工具（网络搜索）",
      "status": "done",
      "decision": null
    },
    {
      "id": "observe_5_ca4c35",
      "type": "Observe",
      "step_index": 5,
      "label": "评估（第2轮）（已打断）",
      "status": "replaced",
      "decision": null
    },
    {
      "id": "plan_6_dbf97c",
      "type": "Plan",
      "step_index": 6,
      "label": "决策（已打断）",
      "status": "replaced",
      "decision": null
    },
    {
      "id": "toolcall_4_3b8d45",
      "type": "ToolCall",
      "step_index": 4,
      "label": "工具（网络搜索）（重试）",
      "status": "done",
      "decision": null
    },
    {
      "id": "observe_5_a37093",
      "type": "Observe",
      "step_index": 5,
      "label": "评估（第2轮）",
      "status": "done",
      "decision": null
    },
    {
      "id": "plan_6_5621a9",
      "type": "Plan",
      "step_index": 6,
      "label": "决策：信息充足",
      "status": "done",
      "decision": "sufficient"
    },
    {
      "id": "answer_7_7bb342",
      "type": "Answer",
      "step_index": 7,
      "label": "最终回答",
      "status": "done",
      "decision": null
    }
  ],
  "edges": [
    {
      "from": "plan_0_498f86",
      "to": "toolcall_1_2b28d1",
      "type": "Normal"
    },
    {
      "from": "toolcall_1_2b28d1",
      "to": "observe_2_de63c8",
      "type": "Normal"
    },
    {
      "from": "observe_2_de63c8",
      "to": "plan_3_cfc9f9",
      "type": "Normal"
    },
    {
      "from": "plan_3_cfc9f9",
      "to": "toolcall_4_e64ce6",
      "type": "Parallel"
    },
    {
      "from": "plan_3_cfc9f9",
      "to": "toolcall_4_ba07df",
      "type": "Parallel"
    },
    {
      "from": "observe_5_ca4c35",
      "to": "plan_6_dbf97c",
      "type": "Normal"
    },
    {
      "from": "toolcall_4_e64ce6",
      "to": "observe_5_ca4c35",
      "type": "Branch"
    },
    {
      "from": "plan_3_cfc9f9",
      "to": "toolcall_4_3b8d45",
      "type": "Normal"
    },
    {
      "from": "toolcall_4_3b8d45",
      "to": "observe_5_a37093",
      "type": "Normal"
    },
    {
      "from": "observe_5_a37093",
      "to": "plan_6_5621a9",
      "type": "Normal"
    },
    {
      "from": "plan_6_5621a9",
      "to": "answer_7_7bb342",
      "type": "Normal"
    }
  ]
}
============================================================

INFO:     127.0.0.1:50180 - "GET /api/admin/overview HTTP/1.1" 200 OK
INFO:     127.0.0.1:50181 - "GET /api/admin/runs?limit=20&offset=0 HTTP/1.1" 200 OK
INFO:     127.0.0.1:50195 - "GET /api/admin/runs/run_20260807_123858 HTTP/1.1" 200 OK
 INFO:     127.0.0.1:50707 - "GET /api/run?query=%E8%85%BE%E8%AE%AF%E5%85%A8%E6%A0%88%E5%BC%80%E5%8F%91%E5%B7%A5%E7%A8%8B%E5%B8%88%20%E5%B2%97%E4%BD%8D%E8%81%8C%E8%B4%A3%20%E6%8A%80%E6%9C%AF%E6%A0%88%20%E6%8B%9B%E8%81%98%E8%A6%81%E6%B1%82 HTTP/1.1" 200 OK

============================================================
[Run Complete] graph_summary: {
  "nodes": [
    {
      "id": "plan_0_349f48",
      "type": "Plan",
      "step_index": 0,
      "label": "规划",
      "status": "done",
      "decision": "need_more"
    },
    {
      "id": "toolcall_1_f199bb",
      "type": "ToolCall",
      "step_index": 1,
      "label": "工具（网络搜索）",
      "status": "done",
      "decision": null
    },
    {
      "id": "observe_2_ed2c87",
      "type": "Observe",
      "step_index": 2,
      "label": "评估（第1轮）",
      "status": "done",
      "decision": null
    },
    {
      "id": "plan_3_ee36ee",
      "type": "Plan",
      "step_index": 3,
      "label": "决策：信息充足",
      "status": "done",
      "decision": "sufficient"
    },
    {
      "id": "answer_4_9dbc94",
      "type": "Answer",
      "step_index": 4,
      "label": "最终回答",
      "status": "done",
      "decision": null
    }
  ],
  "edges": [
    {
      "from": "plan_0_349f48",
      "to": "toolcall_1_f199bb",
      "type": "Normal"
    },
    {
      "from": "toolcall_1_f199bb",
      "to": "observe_2_ed2c87",
      "type": "Normal"
    },
    {
      "from": "observe_2_ed2c87",
      "to": "plan_3_ee36ee",
      "type": "Normal"
    },
    {
      "from": "plan_3_ee36ee",
      "to": "answer_4_9dbc94",
      "type": "Normal"
    }
  ]
}
============================================================

[OK] 安全校验模型加载成功，设备: cuda
INFO:     127.0.0.1:51150 - "GET /api/graph HTTP/1.1" 200 OK
INFO:     127.0.0.1:54941 - "GET /api/run?query=%E9%86%89%E9%A9%BE%E6%92%9E%E4%BA%BA%E6%80%8E%E4%B9%88%E5%88%A4 HTTP/1.1" 200 OK
INFO:     127.0.0.1:55105 - "POST /api/interrupt HTTP/1.1" 200 OK
INFO:     127.0.0.1:55162 - "POST /api/retry HTTP/1.1" 200 OK
INFO:     127.0.0.1:55416 - "GET /api/admin/overview HTTP/1.1" 200 OK
INFO:     127.0.0.1:55415 - "GET /api/admin/runs?limit=20&offset=0 HTTP/1.1" 200 OK

============================================================
[Run Complete] graph_summary: {
  "nodes": [
    {
      "id": "plan_0_99d483",
      "type": "Plan",
      "step_index": 0,
      "label": "规划",
      "status": "done",
      "decision": "need_more"
    },
    {
      "id": "toolcall_1_ce5eb0",
      "type": "ToolCall",
      "step_index": 1,
      "label": "工具（网络搜索）",
      "status": "branch",
      "decision": null
    },
    {
      "id": "observe_2_2c598b",
      "type": "Observe",
      "step_index": 2,
      "label": "评估（第1轮）（已打断）",
      "status": "branch",
      "decision": null
    },
    {
      "id": "plan_3_509cc0",
      "type": "Plan",
      "step_index": 3,
      "label": "决策（已打断）",
      "status": "branch",
      "decision": null
    },
    {
      "id": "toolcall_1_2078e1",
      "type": "ToolCall",
      "step_index": 1,
      "label": "工具（网络搜索）（重试）",
      "status": "done",
      "decision": null
    },
    {
      "id": "observe_2_e39072",
      "type": "Observe",
      "step_index": 2,
      "label": "评估（第1轮）",
      "status": "done",
      "decision": null
    },
    {
      "id": "plan_3_fcda71",
      "type": "Plan",
      "step_index": 3,
      "label": "决策：信息充足",
      "status": "done",
      "decision": "sufficient"
    },
    {
      "id": "answer_4_4e5d6b",
      "type": "Answer",
      "step_index": 4,
      "label": "最终回答",
      "status": "done",
      "decision": null
    }
  ],
  "edges": [
    {
      "from": "plan_0_99d483",
      "to": "toolcall_1_ce5eb0",
      "type": "Branch"
    },
    {
      "from": "observe_2_2c598b",
      "to": "plan_3_509cc0",
      "type": "Branch"
    },
    {
      "from": "plan_0_99d483",
      "to": "toolcall_1_2078e1",
      "type": "Normal"
    },
    {
      "from": "toolcall_1_2078e1",
      "to": "observe_2_e39072",
      "type": "Normal"
    },
    {
      "from": "observe_2_e39072",
      "to": "plan_3_fcda71",
      "type": "Normal"
    },
    {
      "from": "plan_3_fcda71",
      "to": "answer_4_4e5d6b",
      "type": "Normal"
    }
  ]
}
============================================================

INFO:     127.0.0.1:55598 - "GET /api/admin/overview HTTP/1.1" 200 OK
INFO:     127.0.0.1:55599 - "GET /api/admin/runs?limit=20&offset=0 HTTP/1.1" 200 OK
  [OK] 安全校验模型加载成功，设备: cuda
 [OK] 安全校验模型加载成功，设备: cuda
 [OK] 安全校验模型加载成功，设备: cuda
[OK] 安全校验模型加载成功，设备: cuda
INFO:     127.0.0.1:57196 - "GET /api/admin/overview HTTP/1.1" 200 OK
INFO:     127.0.0.1:57197 - "GET /api/admin/runs?limit=20&offset=0 HTTP/1.1" 200 OK
INFO:     127.0.0.1:57208 - "GET /api/admin/overview HTTP/1.1" 200 OK
INFO:     127.0.0.1:57209 - "GET /api/admin/runs?limit=20&offset=0 HTTP/1.1" 200 OK
INFO:     127.0.0.1:57234 - "GET /api/run?query=%E5%8C%97%E4%BA%AC%E7%A7%9F%E6%88%BF%E6%88%BF%E4%BB%B7 HTTP/1.1" 200 OK
INFO:     127.0.0.1:57558 - "POST /api/interrupt HTTP/1.1" 200 OK
INFO:     127.0.0.1:57570 - "POST /api/retry_from_graph HTTP/1.1" 200 OK

============================================================
[Run Complete] graph_summary: {
  "nodes": [
    {
      "id": "plan_0_e67b47",
      "type": "Plan",
      "step_index": 0,
      "label": "规划",
      "status": "done",
      "decision": "need_more"
    },
    {
      "id": "toolcall_1_808cd4",
      "type": "ToolCall",
      "step_index": 1,
      "label": "工具（网络搜索）",
      "status": "done",
      "decision": null
    },
    {
      "id": "observe_2_093269",
      "type": "Observe",
      "step_index": 2,
      "label": "评估（第1轮）",
      "status": "done",
      "decision": null
    },
    {
      "id": "plan_3_459f9f",
      "type": "Plan",
      "step_index": 3,
      "label": "决策：信息不足",
      "status": "done",
      "decision": "need_more"
    },
    {
      "id": "toolcall_4_3f29a1",
      "type": "ToolCall",
      "step_index": 4,
      "label": "工具（网络搜索）（废弃）",
      "status": "branch",
      "decision": null
    },
    {
      "id": "toolcall_4_b519c6",
      "type": "ToolCall",
      "step_index": 4,
      "label": "工具（网络搜索）",
      "status": "done",
      "decision": null
    },
    {
      "id": "observe_5_35e4a1",
      "type": "Observe",
      "step_index": 5,
      "label": "评估（第2轮）（已打断）",
      "status": "replaced",
      "decision": null
    },
    {
      "id": "plan_6_c9e970",
      "type": "Plan",
      "step_index": 6,
      "label": "决策（已打断）",
      "status": "replaced",
      "decision": null
    },
    {
      "id": "toolcall_4_0e18bc",
      "type": "ToolCall",
      "step_index": 4,
      "label": "工具（网络搜索）（重试）",
      "status": "done",
      "decision": null
    },
    {
      "id": "observe_5_8d9a32",
      "type": "Observe",
      "step_index": 5,
      "label": "评估（第2轮）",
      "status": "done",
      "decision": null
    },
    {
      "id": "plan_6_9994d7",
      "type": "Plan",
      "step_index": 6,
      "label": "决策：信息充足",
      "status": "done",
      "decision": "sufficient"
    },
    {
      "id": "answer_7_ce1be3",
      "type": "Answer",
      "step_index": 7,
      "label": "最终回答",
      "status": "done",
      "decision": null
    }
  ],
  "edges": [
    {
      "from": "plan_0_e67b47",
      "to": "toolcall_1_808cd4",
      "type": "Normal"
    },
    {
      "from": "toolcall_1_808cd4",
      "to": "observe_2_093269",
      "type": "Normal"
    },
    {
      "from": "observe_2_093269",
      "to": "plan_3_459f9f",
      "type": "Normal"
    },
    {
      "from": "plan_3_459f9f",
      "to": "toolcall_4_3f29a1",
      "type": "Branch"
    },
    {
      "from": "plan_3_459f9f",
      "to": "toolcall_4_b519c6",
      "type": "Parallel"
    },
    {
      "from": "toolcall_4_3f29a1",
      "to": "observe_5_35e4a1",
      "type": "Branch"
    },
    {
      "from": "observe_5_35e4a1",
      "to": "plan_6_c9e970",
      "type": "Branch"
    },
    {
      "from": "plan_3_459f9f",
      "to": "toolcall_4_0e18bc",
      "type": "Normal"
    },
    {
      "from": "toolcall_4_0e18bc",
      "to": "observe_5_8d9a32",
      "type": "Normal"
    },
    {
      "from": "toolcall_4_b519c6",
      "to": "observe_5_8d9a32",
      "type": "Normal"
    },
    {
      "from": "observe_5_8d9a32",
      "to": "plan_6_9994d7",
      "type": "Normal"
    },
    {
      "from": "plan_6_9994d7",
      "to": "answer_7_ce1be3",
      "type": "Normal"
    }
  ]
}
============================================================

INFO:     127.0.0.1:57937 - "GET /api/admin/overview HTTP/1.1" 200 OK
INFO:     127.0.0.1:57938 - "GET /api/admin/runs?limit=20&offset=0 HTTP/1.1" 200 OK
 [OK] 安全校验模型加载成功，设备: cuda
INFO:     127.0.0.1:57797 - "GET /api/run?query=HR%E9%9D%A2%E4%B8%80%E8%88%AC%E4%BC%9A%E6%8C%82%E4%BA%BA%E5%90%97 HTTP/1.1" 200 OK
INFO:     127.0.0.1:58032 - "POST /api/interrupt HTTP/1.1" 200 OK
INFO:     127.0.0.1:58067 - "POST /api/retry HTTP/1.1" 200 OK
 
============================================================
[Run Complete] graph_summary: {
  "nodes": [
    {
      "id": "plan_0_6c4469",
      "type": "Plan",
      "step_index": 0,
      "label": "规划",
      "status": "done",
      "decision": "need_more"
    },
    {
      "id": "toolcall_1_11de6b",
      "type": "ToolCall",
      "step_index": 1,
      "label": "工具（网络搜索）",
      "status": "branch",
      "decision": null
    },
    {
      "id": "observe_2_ce04f3",
      "type": "Observe",
      "step_index": 2,
      "label": "评估（第1轮）（已打断）",
      "status": "branch",
      "decision": null
    },
    {
      "id": "plan_3_66eba1",
      "type": "Plan",
      "step_index": 3,
      "label": "决策（已打断）",
      "status": "branch",
      "decision": null
    },
    {
      "id": "toolcall_1_a48b5e",
      "type": "ToolCall",
      "step_index": 1,
      "label": "工具（网络搜索）（重试）",
      "status": "done",
      "decision": null
    },
    {
      "id": "observe_2_537c72",
      "type": "Observe",
      "step_index": 2,
      "label": "评估（第1轮）",
      "status": "done",
      "decision": null
    },
    {
      "id": "plan_3_61fedd",
      "type": "Plan",
      "step_index": 3,
      "label": "决策：信息不足",
      "status": "done",
      "decision": "need_more"
    },
    {
      "id": "toolcall_4_0e6755",
      "type": "ToolCall",
      "step_index": 4,
      "label": "工具（网络搜索）",
      "status": "done",
      "decision": null
    },
    {
      "id": "toolcall_4_dab29c",
      "type": "ToolCall",
      "step_index": 4,
      "label": "工具（网络搜索）",
      "status": "done",
      "decision": null
    },
    {
      "id": "observe_5_dcfd6d",
      "type": "Observe",
      "step_index": 5,
      "label": "评估（第2轮）",
      "status": "done",
      "decision": null
    },
    {
      "id": "plan_6_b69226",
      "type": "Plan",
      "step_index": 6,
      "label": "决策：信息充足",
      "status": "done",
      "decision": "sufficient"
    },
    {
      "id": "answer_7_be52ce",
      "type": "Answer",
      "step_index": 7,
      "label": "最终回答",
      "status": "done",
      "decision": null
    }
  ],
  "edges": [
    {
      "from": "plan_0_6c4469",
      "to": "toolcall_1_11de6b",
      "type": "Branch"
    },
    {
      "from": "toolcall_1_11de6b",
      "to": "observe_2_ce04f3",
      "type": "Branch"
    },
    {
      "from": "observe_2_ce04f3",
      "to": "plan_3_66eba1",
      "type": "Branch"
    },
    {
      "from": "plan_0_6c4469",
      "to": "toolcall_1_a48b5e",
      "type": "Normal"
    },
    {
      "from": "toolcall_1_a48b5e",
      "to": "observe_2_537c72",
      "type": "Normal"
    },
    {
      "from": "observe_2_537c72",
      "to": "plan_3_61fedd",
      "type": "Normal"
    },
    {
      "from": "plan_3_61fedd",
      "to": "toolcall_4_0e6755",
      "type": "Parallel"
    },
    {
      "from": "plan_3_61fedd",
      "to": "toolcall_4_dab29c",
      "type": "Parallel"
    },
    {
      "from": "toolcall_4_0e6755",
      "to": "observe_5_dcfd6d",
      "type": "Normal"
    },
    {
      "from": "toolcall_4_dab29c",
      "to": "observe_5_dcfd6d",
      "type": "Normal"
    },
    {
      "from": "observe_5_dcfd6d",
      "to": "plan_6_b69226",
      "type": "Normal"
    },
    {
      "from": "plan_6_b69226",
      "to": "answer_7_be52ce",
      "type": "Normal"
    }
  ]
}
============================================================

 [OK] 安全校验模型加载成功，设备: cuda
